Manage NuGet package references in .NET project files.

This command provides operations for adding, listing, removing, and searching
packages. All operations modify or query .NET project files (.csproj, .fsproj, .vbproj).

Usage:
  gonuget package [command]

Examples:
  # Add a package
  gonuget package add Newtonsoft.Json

  # List packages in a project
  gonuget package list

  # Remove a package
  gonuget package remove Newtonsoft.Json

  # Search for packages
  gonuget package search Serilog

Available Commands:
  add         Add a NuGet package reference to a project file
  list        List package references in a project file
  remove      Remove a package reference from a project file
  search      Search for NuGet packages

Flags:
  -h, --help             help for package
  -p, --project string   Path to .NET project file

Global Flags:
      --configfile string   NuGet configuration file to use
      --non-interactive     Do not prompt for user input or confirmations
      --verbosity string    Display verbosity (quiet, normal, detailed) (default "normal")

Use "gonuget package [command] --help" for more information about a command.
